main.c:90:6:ADC_Select_CH0	24	static
main.c:101:6:ADC_Select_CH1	24	static
main.c:112:6:ADC_Select_CH4	24	static
main.c:131:5:main	8	static
main.c:203:6:SystemClock_Config	88	static
main.c:249:13:MX_ADC1_Init	8	static
main.c:310:13:MX_TIM3_Init	32	static
main.c:355:13:MX_USART2_UART_Init	8	static
main.c:388:13:MX_USART3_UART_Init	8	static
main.c:421:13:MX_GPIO_Init	40	static
main.c:444:6:HAL_TIM_PeriodElapsedCallback	16	static
main.c:466:6:conversion_adc	8	static
main.c:510:6:Error_Handler	4	static,ignoring_inline_asm
