main.c:102:6:ADC_Select_CH0	24	static
main.c:113:6:ADC_Select_CH1	24	static
main.c:124:6:ADC_Select_CH4	24	static
main.c:143:5:main	8	static
main.c:238:6:SystemClock_Config	88	static
main.c:284:13:MX_ADC1_Init	8	static
main.c:345:13:MX_SPI1_Init	8	static
main.c:383:13:MX_TIM3_Init	32	static
main.c:428:13:MX_USART2_UART_Init	8	static
main.c:461:13:MX_USART3_UART_Init	8	static
main.c:494:13:MX_GPIO_Init	40	static
main.c:527:6:gestion_led	8	static
main.c:548:6:HAL_UART_RxCpltCallback	16	static
main.c:600:6:HAL_TIM_PeriodElapsedCallback	16	static
main.c:622:6:conversion_adc	8	static
main.c:666:6:Error_Handler	4	static,ignoring_inline_asm
